// Jest Snapshot v1, https://goo.gl/fbAQLP

exports[`Component "App" should render correctly 1`] = `
<div
  className="App"
>
  <h1>
    App
  </h1>
</div>
`;
